// Jest Snapshot v1, https://goo.gl/fbAQLP

exports[`Test Hooks Click 1`] = `undefined`;

exports[`Test Hooks Render Snapshot 1`] = `undefined`;
