// Jest Snapshot v1, https://goo.gl/fbAQLP

exports[`App Login to App 1`] = `undefined`;
