// Jest Snapshot v1, https://goo.gl/fbAQLP

exports[`Friends Click Add Friend 1`] = `undefined`;
