// Jest Snapshot v1, https://goo.gl/fbAQLP

exports[`Test Hooks render 1`] = `undefined`;

exports[`Test Hooks render 2`] = `undefined`;
