// Jest Snapshot v1, https://goo.gl/fbAQLP

exports[`Image Confirm Select Confirm 1`] = `undefined`;

exports[`Image Confirm Select Confirm 2`] = `undefined`;

exports[`Image Confirm Select Retry 1`] = `undefined`;
