// Jest Snapshot v1, https://goo.gl/fbAQLP

exports[`Profile tests Profile 1`] = `undefined`;

exports[`Profile tests Profile 2`] = `undefined`;
