// Jest Snapshot v1, https://goo.gl/fbAQLP

exports[`Test Hooks SignUp 1`] = `undefined`;

exports[`Test Hooks SignUp to SignIn 1`] = `undefined`;
