// Jest Snapshot v1, https://goo.gl/fbAQLP

exports[`Test Hooks SignUp Fail 1`] = `undefined`;

exports[`Test Hooks SignUp sucess 1`] = `undefined`;
