// Jest Snapshot v1, https://goo.gl/fbAQLP

exports[`Profile tests Profile 1`] = `undefined`;
