// Jest Snapshot v1, https://goo.gl/fbAQLP

exports[`Test Hooks pending 1`] = `
<View
  style={
    Array [
      Object {
        "alignItems": "center",
        "borderRadius": 7,
        "flexDirection": "row",
        "justifyContent": "center",
        "marginHorizontal": 8,
        "marginVertical": 8,
        "padding": 10,
        "width": 100,
      },
      Object {
        "backgroundColor": "#f5f5f5",
      },
    ]
  }
>
  <View
    accessible={true}
    focusable={true}
    onClick={[Function]}
    onResponderGrant={[Function]}
    onResponderMove={[Function]}
    onResponderRelease={[Function]}
    onResponderTerminate={[Function]}
    onResponderTerminationRequest={[Function]}
    onStartShouldSetResponder={[Function]}
    style={
      Object {
        "opacity": 1,
      }
    }
  >
    <Image
      source={
        Object {
          "uri": undefined,
        }
      }
      style={
        Object {
          "borderRadius": 30,
          "height": 20,
          "width": 20,
        }
      }
    />
    <View
      style={
        Object {
          "alignItems": "center",
          "flex": 1,
          "justifyContent": "center",
        }
      }
    >
      <Text
        style={
          Object {
            "color": "#000",
            "fontWeight": "bold",
          }
        }
      />
    </View>
  </View>
</View>
`;

exports[`Test Hooks positive 1`] = `
<View
  style={
    Array [
      Object {
        "alignItems": "center",
        "borderRadius": 7,
        "flexDirection": "row",
        "justifyContent": "center",
        "marginHorizontal": 8,
        "marginVertical": 8,
        "padding": 10,
        "width": 100,
      },
      Object {
        "backgroundColor": "#f5f5f5",
      },
    ]
  }
>
  <View
    accessible={true}
    focusable={true}
    onClick={[Function]}
    onResponderGrant={[Function]}
    onResponderMove={[Function]}
    onResponderRelease={[Function]}
    onResponderTerminate={[Function]}
    onResponderTerminationRequest={[Function]}
    onStartShouldSetResponder={[Function]}
    style={
      Object {
        "opacity": 1,
      }
    }
  >
    <Image
      source={
        Object {
          "uri": undefined,
        }
      }
      style={
        Object {
          "borderRadius": 30,
          "height": 20,
          "width": 20,
        }
      }
    />
    <View
      style={
        Object {
          "alignItems": "center",
          "flex": 1,
          "justifyContent": "center",
        }
      }
    >
      <Text
        style={
          Object {
            "color": "#000",
            "fontWeight": "bold",
          }
        }
      />
    </View>
  </View>
</View>
`;
